2021-03-02 11:04:37	첫번째 로깅 문장입니다
2021-03-02 11:18:05	첫번째 로깅 문장입니다
2021-03-02 11:18:53	첫번째 로깅 문장입니다
